// Jest Snapshot v1, https://goo.gl/fbAQLP

exports[`should render edit expanse component 1`] = `
<div>
  <h1>
    Edit Expense
  </h1>
  <Connect(ExpenseForm)
    expense={
      Object {
        "amount": 195,
        "createdAt": 0,
        "description": "Gum",
        "id": "1",
        "note": "",
      }
    }
    onSubmit={[Function]}
  />
  <button
    onClick={[Function]}
  >
    Remove expense
  </button>
</div>
`;
