// Jest Snapshot v1, https://goo.gl/fbAQLP

exports[`should render Header correctly 1`] = `
<div>
  <h1>
    My App
  </h1>
  <ul
    className="nav"
  >
    <li>
      <NavLink
        activeClassName="active-link"
        exact={true}
        to="/"
      >
        asdasd
      </NavLink>
    </li>
    <li>
      <NavLink
        activeClassName="active-link"
        to="/create"
      >
        Create
      </NavLink>
    </li>
    <li>
      <NavLink
        activeClassName="active-link"
        to="/expense/"
      >
        Expense
      </NavLink>
    </li>
  </ul>
</div>
`;
