// Jest Snapshot v1, https://goo.gl/fbAQLP

exports[`should render page not found component 1`] = `
<p>
  404! = 
  <Link
    to="/"
  >
    Test
  </Link>
</p>
`;
